// 重构日志: 0c315db5
// 重构日志: 0132e66b
// 重构日志: f18afb28
// 重构日志: b3335348
// 同步 ID: 9d290b83 @ Sun Jul 26 18:00:50 UTC 2026
// 同步 ID: 2167dab3 @ Mon Jul 27 00:49:15 UTC 2026
// 重构日志: 78c2ed4a
// 重构日志: 753b8d41
// 同步 ID: 97d762f4 @ Wed Jul 29 04:29:24 UTC 2026
// 重构日志: 0a3abaa9
// 同步 ID: 72f4d00b @ Fri Jul 31 15:46:20 UTC 2026
// 重构日志: 41c3fe53
// 同步 ID: aa7501c5 @ Sun Aug  2 11:34:38 UTC 2026
// 同步 ID: 061d30f0 @ Sun Aug  2 18:11:54 UTC 2026
// 同步 ID: f321a293 @ Sun Aug  2 23:32:09 UTC 2026
// 重构日志: d24af466
// 重构日志: dda124fb
// 同步 ID: a10801fa @ Tue Aug  4 10:33:08 UTC 2026
// 重构日志: cb42292a
// 同步 ID: e37f1e86 @ Wed Aug  5 16:08:39 UTC 2026
// 重构日志: 25a7c854
// 重构日志: c02eeb67
// 同步 ID: 5eaeee75 @ Fri Aug  7 07:51:59 UTC 2026
// 重构日志: b8836472
// 同步 ID: 75e935d4 @ Fri Aug  7 11:10:05 UTC 2026
// 同步 ID: dc570317 @ Fri Aug  7 13:53:10 UTC 2026
// 同步 ID: 597f047b @ Fri Aug  7 18:35:07 UTC 2026
// 重构日志: 56c13b8f
// 重构日志: 40d79f29
// 同步 ID: 2234c456 @ Sat Aug  8 12:40:12 UTC 2026
// 重构日志: d366ccdd
